MO spart NULL ../spart.v vlg1A/spart.bin 1391128356
MO transmitter NULL ../transmitter.v vlg3D/transmitter.bin 1391128356
MO LEDs NULL LEDs.v vlg20/_l_e_ds.bin 1391128356
MO downcounter_16 NULL ../down_count_16.v vlg4E/downcounter__16.bin 1391128356
MO divisor_buf NULL ../divisor.v vlg58/divisor__buf.bin 1391128356
MO driver NULL ../driver.v vlg3C/driver.bin 1391128356
